[clever.webpixels.io/index.html]
[backblue.gif]
[fade.gif]
[index.html]
[clever.webpixels.io/css/main.css]
[cdn.jsdelivr.net/npm/bootstrap-icons@1.7.2/font/bootstrap-icons.css]
[clever.webpixels.io/css/utilities.css]
[plausible.io/js/script.js]
[clever.webpixels.io/img/logos/clever-primary.svg]
[clever.webpixels.io/img/people/img-profile.jpg]
[clever.webpixels.io/pages/projects/overview.html]
[clever.webpixels.io/pages/projects/grid-view.html]
[clever.webpixels.io/pages/projects/table-view.html]
[clever.webpixels.io/pages/projects/details.html]
[clever.webpixels.io/pages/projects/create-project.html]
[clever.webpixels.io/pages/tasks/overview.html]
[clever.webpixels.io/pages/tasks/list-view.html]
[clever.webpixels.io/pages/tasks/list-view-aside.html]
[clever.webpixels.io/pages/tasks/board-view.html]
[clever.webpixels.io/pages/tasks/create-task.html]
[clever.webpixels.io/pages/files/overview.html]
[clever.webpixels.io/pages/files/table-view.html]
[clever.webpixels.io/pages/files/media-gallery.html]
[clever.webpixels.io/pages/integrations/applications.html]
[clever.webpixels.io/pages/integrations/manage-apps.html]
[clever.webpixels.io/pages/user/profile.html]
[clever.webpixels.io/pages/user/table-view.html]
[clever.webpixels.io/pages/user/permissions.html]
[clever.webpixels.io/pages/settings/general.html]
[clever.webpixels.io/pages/settings/security.html]
[clever.webpixels.io/pages/settings/team.html]
[clever.webpixels.io/pages/settings/billing.html]
[clever.webpixels.io/pages/settings/notifications.html]
[clever.webpixels.io/pages/authentication/basic-login.html]
[clever.webpixels.io/pages/authentication/basic-register.html]
[clever.webpixels.io/pages/authentication/basic-recover.html]
[clever.webpixels.io/pages/authentication/side-login.html]
[clever.webpixels.io/pages/authentication/side-register.html]
[clever.webpixels.io/pages/authentication/side-recover.html]
[clever.webpixels.io/docs/index.html]
[clever.webpixels.io/img/people/img-1.jpg]
[clever.webpixels.io/img/people/img-2.jpg]
[clever.webpixels.io/img/people/img-4.jpg]
[clever.webpixels.io/img/people/img-3.jpg]
[clever.webpixels.io/img/social/airbnb.svg]
[clever.webpixels.io/img/social/amazon.svg]
[clever.webpixels.io/img/social/bootstrap.svg]
[clever.webpixels.io/img/social/dribbble.svg]
[clever.webpixels.io/img/social/spotify.svg]
[clever.webpixels.io/index.html]
[clever.webpixels.io/css/main.css]
[clever.webpixels.io/css/utilities.css]
[cdn.jsdelivr.net/npm/bootstrap-icons@1.7.2/font/fonts/bootstrap-iconsf114.woff2]
[clever.webpixels.io/js/main.js]
[cdn.jsdelivr.net/npm/bootstrap-icons@1.7.2/font/fonts/bootstrap-iconsf114.woff]
[cdn.jsdelivr.net/npm/bootstrap-icons@1.7.2/font/bootstrap-icons.css]
[clever.webpixels.io/img/logos/clever-primary.svg]
[clever.webpixels.io/pages/projects/overview.html]
[clever.webpixels.io/img/social/uber.svg]
[clever.webpixels.io/img/social/codepen.svg]
[clever.webpixels.io/pages/projects/grid-view.html]
[clever.webpixels.io/pages/projects/table-view.html]
[clever.webpixels.io/img/social/slack.svg]
[clever.webpixels.io/img/media/img-3.jpg]
[clever.webpixels.io/img/media/img-4.jpg]
[clever.webpixels.io/img/media/img-5.jpg]
[clever.webpixels.io/img/media/img-6.jpg]
[clever.webpixels.io/img/media/img-2.jpg]
[clever.webpixels.io/pages/projects/details.html]
[clever.webpixels.io/pages/projects/create-project.html]
[clever.webpixels.io/img/people/img-5.jpg]
[clever.webpixels.io/pages/tasks/overview.html]
[clever.webpixels.io/pages/tasks/list-view.html]
[clever.webpixels.io/pages/tasks/list-view-aside.html]
[clever.webpixels.io/pages/tasks/board-view.html]
[clever.webpixels.io/pages/tasks/create-task.html]
[clever.webpixels.io/pages/files/overview.html]
[clever.webpixels.io/pages/files/table-view.html]
[clever.webpixels.io/img/social/flickr.svg]
[clever.webpixels.io/img/media/img-800x800-1.jpg]
[clever.webpixels.io/img/media/img-800x800-2.jpg]
[clever.webpixels.io/img/media/img-800x800-3.jpg]
[clever.webpixels.io/img/media/img-800x800-4.jpg]
[clever.webpixels.io/img/media/img-800x800-5.jpg]
[clever.webpixels.io/img/media/img-800x800-6.jpg]
[clever.webpixels.io/img/media/img-800x800-7.jpg]
[clever.webpixels.io/img/media/img-800x800-8.jpg]
[clever.webpixels.io/pages/files/media-gallery.html]
[clever.webpixels.io/img/logos/clever-primary-sm.svg]
[clever.webpixels.io/pages/integrations/applications.html]
[clever.webpixels.io/img/social/github.svg]
[clever.webpixels.io/svg/social/airbnb.svg]
[clever.webpixels.io/svg/social/bootstrap.svg]
[clever.webpixels.io/svg/social/github.svg]
[clever.webpixels.io/pages/integrations/manage-apps.html]
[clever.webpixels.io/svg/social/spotify.svg]
[clever.webpixels.io/img/covers/img-profile.jpg]
[clever.webpixels.io/pages/user/profile.html]
[clever.webpixels.io/img/people/img-6.jpg]
[clever.webpixels.io/pages/user/table-view.html]
[clever.webpixels.io/img/people/img-7.jpg]
[clever.webpixels.io/img/people/img-8.jpg]
[clever.webpixels.io/img/people/img-9.jpg]
[clever.webpixels.io/img/people/img-10.jpg]
[clever.webpixels.io/pages/user/permissions.html]
[clever.webpixels.io/pages/settings/general.html]
[clever.webpixels.io/pages/settings/security.html]
[clever.webpixels.io/pages/settings/team.html]
[clever.webpixels.io/img/cards/visa.svg]
[clever.webpixels.io/pages/settings/billing.html]
[clever.webpixels.io/pages/settings/notifications.html]
[clever.webpixels.io/img/cards/mastercard.svg]
[clever.webpixels.io/pages/authentication/basic-login.html]
[clever.webpixels.io/pages/authentication/basic-register.html]
[clever.webpixels.io/pages/authentication/basic-recover.html]
[clever.webpixels.io/img/social/google.svg]
[clever.webpixels.io/pages/authentication/side-login.html]
[clever.webpixels.io/pages/authentication/side-register.html]
[clever.webpixels.io/pages/authentication/side-recover.html]
[clever.webpixels.io/img/logos/clever-light.svg]
[cdn.jsdelivr.net/npm/prism-themes@1.7.0/themes/prism-coldark-dark.min.css]
[clever.webpixels.io/docs/plugins]
[clever.webpixels.io/docs/styleguide/index.html]
[clever.webpixels.io/docs/customize/index.html]
[clever.webpixels.io/docs/index.html]
[clever.webpixels.io/img/social/airbnb.svg]
[clever.webpixels.io/img/social/amazon.svg]
[clever.webpixels.io/img/social/bootstrap.svg]
[clever.webpixels.io/img/social/dribbble.svg]
[clever.webpixels.io/img/social/spotify.svg]
[clever.webpixels.io/img/social/uber.svg]
[clever.webpixels.io/img/social/codepen.svg]
[clever.webpixels.io/img/social/slack.svg]
[clever.webpixels.io/img/social/flickr.svg]
[clever.webpixels.io/img/logos/clever-primary-sm.svg]
[clever.webpixels.io/img/social/github.svg]
[clever.webpixels.io/svg/social/airbnb.svg]
[clever.webpixels.io/svg/social/bootstrap.svg]
[clever.webpixels.io/svg/social/github.svg]
[clever.webpixels.io/svg/social/spotify.svg]
[clever.webpixels.io/img/cards/visa.svg]
[clever.webpixels.io/img/cards/mastercard.svg]
[clever.webpixels.io/img/social/google.svg]
[clever.webpixels.io/img/logos/clever-light.svg]
[cdn.jsdelivr.net/npm/prism-themes@1.7.0/themes/prism-coldark-dark.min.css]
[clever.webpixels.io/docs/styleguide/index.html]
[clever.webpixels.io/docs/plugins.html]
[clever.webpixels.io/docs/customize/index.html]
[clever.webpixels.io/docs/about/index.html]
[clever.webpixels.io/docs/about/index.html]
